MPLINK 5.08, LINKER
Linker Map File - Created Sat Nov 28 16:29:19 2015

                                 Section Info
                  Section       Type    Address   Location Size(Bytes)
                ---------  ---------  ---------  ---------  ---------
                   .org_0       code   0x000000    program   0x0002fc
                   .cinit    romdata   0x00017e    program   0x000004
.config_2007_BUILD/DEFAULT/PRODUCTION/PROJETO       code   0x002007    program   0x000002



                              Program Memory Usage 
                               Start         End      
                           ---------   ---------      
                            0x000000    0x00017f      
                            0x002007    0x002007      
            385 out of 8454 program addresses used, program memory utilization is 4%



                              Symbols - Sorted by Name
                     Name    Address   Location    Storage File                     
                ---------  ---------  ---------  --------- ---------                
     SENSORES_DESATIVADOS   0x00002e    program     static /home/joao/Dropbox/Eletronica/micros/pic/projetoPedagioPic/ProjetoPedagioPic.X/ProjetoPedagioPic.asm
        VERIFICA_VEICULOS   0x000034    program     static /home/joao/Dropbox/Eletronica/micros/pic/projetoPedagioPic/ProjetoPedagioPic.X/ProjetoPedagioPic.asm
VOLTA_SENSORES_DESATIVADOS   0x000030    program     static /home/joao/Dropbox/Eletronica/micros/pic/projetoPedagioPic/ProjetoPedagioPic.X/ProjetoPedagioPic.asm
            abrir_cancela   0x00014e    program     static /home/joao/Dropbox/Eletronica/micros/pic/projetoPedagioPic/ProjetoPedagioPic.X/ProjetoPedagioPic.asm
          aguarda_estouro   0x000122    program     static /home/joao/Dropbox/Eletronica/micros/pic/projetoPedagioPic/ProjetoPedagioPic.X/ProjetoPedagioPic.asm
       aguarda_estouro_2s   0x00012e    program     static /home/joao/Dropbox/Eletronica/micros/pic/projetoPedagioPic/ProjetoPedagioPic.X/ProjetoPedagioPic.asm
       aguarda_estouro_4s   0x00013a    program     static /home/joao/Dropbox/Eletronica/micros/pic/projetoPedagioPic/ProjetoPedagioPic.X/ProjetoPedagioPic.asm
               atraso_lcd   0x000173    program     static /home/joao/Dropbox/Eletronica/micros/pic/projetoPedagioPic/ProjetoPedagioPic.X/ProjetoPedagioPic.asm
         atraso_limpa_lcd   0x000178    program     static /home/joao/Dropbox/Eletronica/micros/pic/projetoPedagioPic/ProjetoPedagioPic.X/ProjetoPedagioPic.asm
           devolve_moedas   0x000142    program     static /home/joao/Dropbox/Eletronica/micros/pic/projetoPedagioPic/ProjetoPedagioPic.X/ProjetoPedagioPic.asm
      escreve_comando_lcd   0x000167    program     static /home/joao/Dropbox/Eletronica/micros/pic/projetoPedagioPic/ProjetoPedagioPic.X/ProjetoPedagioPic.asm
         escreve_dado_lcd   0x00016d    program     static /home/joao/Dropbox/Eletronica/micros/pic/projetoPedagioPic/ProjetoPedagioPic.X/ProjetoPedagioPic.asm
                espera_1s   0x00011e    program     static /home/joao/Dropbox/Eletronica/micros/pic/projetoPedagioPic/ProjetoPedagioPic.X/ProjetoPedagioPic.asm
                espera_2s   0x00012a    program     static /home/joao/Dropbox/Eletronica/micros/pic/projetoPedagioPic/ProjetoPedagioPic.X/ProjetoPedagioPic.asm
                espera_4s   0x000136    program     static /home/joao/Dropbox/Eletronica/micros/pic/projetoPedagioPic/ProjetoPedagioPic.X/ProjetoPedagioPic.asm
           fechar_cancela   0x000152    program     static /home/joao/Dropbox/Eletronica/micros/pic/projetoPedagioPic/ProjetoPedagioPic.X/ProjetoPedagioPic.asm
               inicia_lcd   0x00015b    program     static /home/joao/Dropbox/Eletronica/micros/pic/projetoPedagioPic/ProjetoPedagioPic.X/ProjetoPedagioPic.asm
                   inicio   0x00002a    program     static /home/joao/Dropbox/Eletronica/micros/pic/projetoPedagioPic/ProjetoPedagioPic.X/ProjetoPedagioPic.asm
                   ler_n5   0x00005c    program     static /home/joao/Dropbox/Eletronica/micros/pic/projetoPedagioPic/ProjetoPedagioPic.X/ProjetoPedagioPic.asm
        ler_valor_entrada   0x000059    program     static /home/joao/Dropbox/Eletronica/micros/pic/projetoPedagioPic/ProjetoPedagioPic.X/ProjetoPedagioPic.asm
                limpa_lcd   0x000163    program     static /home/joao/Dropbox/Eletronica/micros/pic/projetoPedagioPic/ProjetoPedagioPic.X/ProjetoPedagioPic.asm
            msg_bem_vindo   0x0000c6    program     static /home/joao/Dropbox/Eletronica/micros/pic/projetoPedagioPic/ProjetoPedagioPic.X/ProjetoPedagioPic.asm
       msg_cancela_aberta   0x000101    program     static /home/joao/Dropbox/Eletronica/micros/pic/projetoPedagioPic/ProjetoPedagioPic.X/ProjetoPedagioPic.asm
                msg_troco   0x0000f0    program     static /home/joao/Dropbox/Eletronica/micros/pic/projetoPedagioPic/ProjetoPedagioPic.X/ProjetoPedagioPic.asm
                pisca_led   0x000156    program     static /home/joao/Dropbox/Eletronica/micros/pic/projetoPedagioPic/ProjetoPedagioPic.X/ProjetoPedagioPic.asm
           ret_atraso_lcd   0x000175    program     static /home/joao/Dropbox/Eletronica/micros/pic/projetoPedagioPic/ProjetoPedagioPic.X/ProjetoPedagioPic.asm
     ret_atraso_limpa_lcd   0x00017a    program     static /home/joao/Dropbox/Eletronica/micros/pic/projetoPedagioPic/ProjetoPedagioPic.X/ProjetoPedagioPic.asm
             seta_valor10   0x00004a    program     static /home/joao/Dropbox/Eletronica/micros/pic/projetoPedagioPic/ProjetoPedagioPic.X/ProjetoPedagioPic.asm
              seta_valor5   0x000054    program     static /home/joao/Dropbox/Eletronica/micros/pic/projetoPedagioPic/ProjetoPedagioPic.X/ProjetoPedagioPic.asm
              seta_valor7   0x00004f    program     static /home/joao/Dropbox/Eletronica/micros/pic/projetoPedagioPic/ProjetoPedagioPic.X/ProjetoPedagioPic.asm
                 valor_10   0x0000b1    program     static /home/joao/Dropbox/Eletronica/micros/pic/projetoPedagioPic/ProjetoPedagioPic.X/ProjetoPedagioPic.asm
                  valor_5   0x00008b    program     static /home/joao/Dropbox/Eletronica/micros/pic/projetoPedagioPic/ProjetoPedagioPic.X/ProjetoPedagioPic.asm
                  valor_7   0x00009e    program     static /home/joao/Dropbox/Eletronica/micros/pic/projetoPedagioPic/ProjetoPedagioPic.X/ProjetoPedagioPic.asm
          valor_entrada_2   0x00005f    program     static /home/joao/Dropbox/Eletronica/micros/pic/projetoPedagioPic/ProjetoPedagioPic.X/ProjetoPedagioPic.asm
          valor_entrada_5   0x000063    program     static /home/joao/Dropbox/Eletronica/micros/pic/projetoPedagioPic/ProjetoPedagioPic.X/ProjetoPedagioPic.asm
              valor_falta   0x0000df    program     static /home/joao/Dropbox/Eletronica/micros/pic/projetoPedagioPic/ProjetoPedagioPic.X/ProjetoPedagioPic.asm
             valor_isento   0x000074    program     static /home/joao/Dropbox/Eletronica/micros/pic/projetoPedagioPic/ProjetoPedagioPic.X/ProjetoPedagioPic.asm
verifa_faltou_ou_abrir_cancela   0x000071    program     static /home/joao/Dropbox/Eletronica/micros/pic/projetoPedagioPic/ProjetoPedagioPic.X/ProjetoPedagioPic.asm
   verifica_valor_entrada   0x000067    program     static /home/joao/Dropbox/Eletronica/micros/pic/projetoPedagioPic/ProjetoPedagioPic.X/ProjetoPedagioPic.asm



                              Symbols - Sorted by Address
                     Name    Address   Location    Storage File                     
                ---------  ---------  ---------  --------- ---------                
                   inicio   0x00002a    program     static /home/joao/Dropbox/Eletronica/micros/pic/projetoPedagioPic/ProjetoPedagioPic.X/ProjetoPedagioPic.asm
     SENSORES_DESATIVADOS   0x00002e    program     static /home/joao/Dropbox/Eletronica/micros/pic/projetoPedagioPic/ProjetoPedagioPic.X/ProjetoPedagioPic.asm
VOLTA_SENSORES_DESATIVADOS   0x000030    program     static /home/joao/Dropbox/Eletronica/micros/pic/projetoPedagioPic/ProjetoPedagioPic.X/ProjetoPedagioPic.asm
        VERIFICA_VEICULOS   0x000034    program     static /home/joao/Dropbox/Eletronica/micros/pic/projetoPedagioPic/ProjetoPedagioPic.X/ProjetoPedagioPic.asm
             seta_valor10   0x00004a    program     static /home/joao/Dropbox/Eletronica/micros/pic/projetoPedagioPic/ProjetoPedagioPic.X/ProjetoPedagioPic.asm
              seta_valor7   0x00004f    program     static /home/joao/Dropbox/Eletronica/micros/pic/projetoPedagioPic/ProjetoPedagioPic.X/ProjetoPedagioPic.asm
              seta_valor5   0x000054    program     static /home/joao/Dropbox/Eletronica/micros/pic/projetoPedagioPic/ProjetoPedagioPic.X/ProjetoPedagioPic.asm
        ler_valor_entrada   0x000059    program     static /home/joao/Dropbox/Eletronica/micros/pic/projetoPedagioPic/ProjetoPedagioPic.X/ProjetoPedagioPic.asm
                   ler_n5   0x00005c    program     static /home/joao/Dropbox/Eletronica/micros/pic/projetoPedagioPic/ProjetoPedagioPic.X/ProjetoPedagioPic.asm
          valor_entrada_2   0x00005f    program     static /home/joao/Dropbox/Eletronica/micros/pic/projetoPedagioPic/ProjetoPedagioPic.X/ProjetoPedagioPic.asm
          valor_entrada_5   0x000063    program     static /home/joao/Dropbox/Eletronica/micros/pic/projetoPedagioPic/ProjetoPedagioPic.X/ProjetoPedagioPic.asm
   verifica_valor_entrada   0x000067    program     static /home/joao/Dropbox/Eletronica/micros/pic/projetoPedagioPic/ProjetoPedagioPic.X/ProjetoPedagioPic.asm
verifa_faltou_ou_abrir_cancela   0x000071    program     static /home/joao/Dropbox/Eletronica/micros/pic/projetoPedagioPic/ProjetoPedagioPic.X/ProjetoPedagioPic.asm
             valor_isento   0x000074    program     static /home/joao/Dropbox/Eletronica/micros/pic/projetoPedagioPic/ProjetoPedagioPic.X/ProjetoPedagioPic.asm
                  valor_5   0x00008b    program     static /home/joao/Dropbox/Eletronica/micros/pic/projetoPedagioPic/ProjetoPedagioPic.X/ProjetoPedagioPic.asm
                  valor_7   0x00009e    program     static /home/joao/Dropbox/Eletronica/micros/pic/projetoPedagioPic/ProjetoPedagioPic.X/ProjetoPedagioPic.asm
                 valor_10   0x0000b1    program     static /home/joao/Dropbox/Eletronica/micros/pic/projetoPedagioPic/ProjetoPedagioPic.X/ProjetoPedagioPic.asm
            msg_bem_vindo   0x0000c6    program     static /home/joao/Dropbox/Eletronica/micros/pic/projetoPedagioPic/ProjetoPedagioPic.X/ProjetoPedagioPic.asm
              valor_falta   0x0000df    program     static /home/joao/Dropbox/Eletronica/micros/pic/projetoPedagioPic/ProjetoPedagioPic.X/ProjetoPedagioPic.asm
                msg_troco   0x0000f0    program     static /home/joao/Dropbox/Eletronica/micros/pic/projetoPedagioPic/ProjetoPedagioPic.X/ProjetoPedagioPic.asm
       msg_cancela_aberta   0x000101    program     static /home/joao/Dropbox/Eletronica/micros/pic/projetoPedagioPic/ProjetoPedagioPic.X/ProjetoPedagioPic.asm
                espera_1s   0x00011e    program     static /home/joao/Dropbox/Eletronica/micros/pic/projetoPedagioPic/ProjetoPedagioPic.X/ProjetoPedagioPic.asm
          aguarda_estouro   0x000122    program     static /home/joao/Dropbox/Eletronica/micros/pic/projetoPedagioPic/ProjetoPedagioPic.X/ProjetoPedagioPic.asm
                espera_2s   0x00012a    program     static /home/joao/Dropbox/Eletronica/micros/pic/projetoPedagioPic/ProjetoPedagioPic.X/ProjetoPedagioPic.asm
       aguarda_estouro_2s   0x00012e    program     static /home/joao/Dropbox/Eletronica/micros/pic/projetoPedagioPic/ProjetoPedagioPic.X/ProjetoPedagioPic.asm
                espera_4s   0x000136    program     static /home/joao/Dropbox/Eletronica/micros/pic/projetoPedagioPic/ProjetoPedagioPic.X/ProjetoPedagioPic.asm
       aguarda_estouro_4s   0x00013a    program     static /home/joao/Dropbox/Eletronica/micros/pic/projetoPedagioPic/ProjetoPedagioPic.X/ProjetoPedagioPic.asm
           devolve_moedas   0x000142    program     static /home/joao/Dropbox/Eletronica/micros/pic/projetoPedagioPic/ProjetoPedagioPic.X/ProjetoPedagioPic.asm
            abrir_cancela   0x00014e    program     static /home/joao/Dropbox/Eletronica/micros/pic/projetoPedagioPic/ProjetoPedagioPic.X/ProjetoPedagioPic.asm
           fechar_cancela   0x000152    program     static /home/joao/Dropbox/Eletronica/micros/pic/projetoPedagioPic/ProjetoPedagioPic.X/ProjetoPedagioPic.asm
                pisca_led   0x000156    program     static /home/joao/Dropbox/Eletronica/micros/pic/projetoPedagioPic/ProjetoPedagioPic.X/ProjetoPedagioPic.asm
               inicia_lcd   0x00015b    program     static /home/joao/Dropbox/Eletronica/micros/pic/projetoPedagioPic/ProjetoPedagioPic.X/ProjetoPedagioPic.asm
                limpa_lcd   0x000163    program     static /home/joao/Dropbox/Eletronica/micros/pic/projetoPedagioPic/ProjetoPedagioPic.X/ProjetoPedagioPic.asm
      escreve_comando_lcd   0x000167    program     static /home/joao/Dropbox/Eletronica/micros/pic/projetoPedagioPic/ProjetoPedagioPic.X/ProjetoPedagioPic.asm
         escreve_dado_lcd   0x00016d    program     static /home/joao/Dropbox/Eletronica/micros/pic/projetoPedagioPic/ProjetoPedagioPic.X/ProjetoPedagioPic.asm
               atraso_lcd   0x000173    program     static /home/joao/Dropbox/Eletronica/micros/pic/projetoPedagioPic/ProjetoPedagioPic.X/ProjetoPedagioPic.asm
           ret_atraso_lcd   0x000175    program     static /home/joao/Dropbox/Eletronica/micros/pic/projetoPedagioPic/ProjetoPedagioPic.X/ProjetoPedagioPic.asm
         atraso_limpa_lcd   0x000178    program     static /home/joao/Dropbox/Eletronica/micros/pic/projetoPedagioPic/ProjetoPedagioPic.X/ProjetoPedagioPic.asm
     ret_atraso_limpa_lcd   0x00017a    program     static /home/joao/Dropbox/Eletronica/micros/pic/projetoPedagioPic/ProjetoPedagioPic.X/ProjetoPedagioPic.asm


