MPLINK 5.08, LINKER
Linker Map File - Created Sat Nov 28 15:13:02 2015

                                 Section Info
                  Section       Type    Address   Location Size(Bytes)
                ---------  ---------  ---------  ---------  ---------
                   .org_0       code   0x000000    program   0x0002fe
                   .cinit    romdata   0x00017f    program   0x000004
.config_2007_BUILD/DEFAULT/PRODUCTION/PROJETO       code   0x002007    program   0x000002



                              Program Memory Usage 
                               Start         End      
                           ---------   ---------      
                            0x000000    0x000180      
                            0x002007    0x002007      
            386 out of 8454 program addresses used, program memory utilization is 4%



                              Symbols - Sorted by Name
                     Name    Address   Location    Storage File                     
                ---------  ---------  ---------  --------- ---------                
            abrir_cancela   0x00014f    program     static /home/joao/Dropbox/Eletronica/micros/pic/projetoPedagioPic/ProjetoPedagioPic.X/ProjetoPedagioPic.asm
          aguarda_estouro   0x000123    program     static /home/joao/Dropbox/Eletronica/micros/pic/projetoPedagioPic/ProjetoPedagioPic.X/ProjetoPedagioPic.asm
       aguarda_estouro_2s   0x00012f    program     static /home/joao/Dropbox/Eletronica/micros/pic/projetoPedagioPic/ProjetoPedagioPic.X/ProjetoPedagioPic.asm
       aguarda_estouro_4s   0x00013b    program     static /home/joao/Dropbox/Eletronica/micros/pic/projetoPedagioPic/ProjetoPedagioPic.X/ProjetoPedagioPic.asm
               atraso_lcd   0x000174    program     static /home/joao/Dropbox/Eletronica/micros/pic/projetoPedagioPic/ProjetoPedagioPic.X/ProjetoPedagioPic.asm
         atraso_limpa_lcd   0x000179    program     static /home/joao/Dropbox/Eletronica/micros/pic/projetoPedagioPic/ProjetoPedagioPic.X/ProjetoPedagioPic.asm
           devolve_moedas   0x000143    program     static /home/joao/Dropbox/Eletronica/micros/pic/projetoPedagioPic/ProjetoPedagioPic.X/ProjetoPedagioPic.asm
      escreve_comando_lcd   0x000168    program     static /home/joao/Dropbox/Eletronica/micros/pic/projetoPedagioPic/ProjetoPedagioPic.X/ProjetoPedagioPic.asm
         escreve_dado_lcd   0x00016e    program     static /home/joao/Dropbox/Eletronica/micros/pic/projetoPedagioPic/ProjetoPedagioPic.X/ProjetoPedagioPic.asm
                espera_1s   0x00011f    program     static /home/joao/Dropbox/Eletronica/micros/pic/projetoPedagioPic/ProjetoPedagioPic.X/ProjetoPedagioPic.asm
                espera_2s   0x00012b    program     static /home/joao/Dropbox/Eletronica/micros/pic/projetoPedagioPic/ProjetoPedagioPic.X/ProjetoPedagioPic.asm
                espera_4s   0x000137    program     static /home/joao/Dropbox/Eletronica/micros/pic/projetoPedagioPic/ProjetoPedagioPic.X/ProjetoPedagioPic.asm
           fechar_cancela   0x000153    program     static /home/joao/Dropbox/Eletronica/micros/pic/projetoPedagioPic/ProjetoPedagioPic.X/ProjetoPedagioPic.asm
         identifica_carro   0x000045    program     static /home/joao/Dropbox/Eletronica/micros/pic/projetoPedagioPic/ProjetoPedagioPic.X/ProjetoPedagioPic.asm
          identifica_moto   0x00004a    program     static /home/joao/Dropbox/Eletronica/micros/pic/projetoPedagioPic/ProjetoPedagioPic.X/ProjetoPedagioPic.asm
         identifica_truck   0x000040    program     static /home/joao/Dropbox/Eletronica/micros/pic/projetoPedagioPic/ProjetoPedagioPic.X/ProjetoPedagioPic.asm
       identifica_veiculo   0x000037    program     static /home/joao/Dropbox/Eletronica/micros/pic/projetoPedagioPic/ProjetoPedagioPic.X/ProjetoPedagioPic.asm
               inicia_lcd   0x00015c    program     static /home/joao/Dropbox/Eletronica/micros/pic/projetoPedagioPic/ProjetoPedagioPic.X/ProjetoPedagioPic.asm
                   inicio   0x00002a    program     static /home/joao/Dropbox/Eletronica/micros/pic/projetoPedagioPic/ProjetoPedagioPic.X/ProjetoPedagioPic.asm
                   ler_n5   0x00005d    program     static /home/joao/Dropbox/Eletronica/micros/pic/projetoPedagioPic/ProjetoPedagioPic.X/ProjetoPedagioPic.asm
        ler_valor_entrada   0x00005a    program     static /home/joao/Dropbox/Eletronica/micros/pic/projetoPedagioPic/ProjetoPedagioPic.X/ProjetoPedagioPic.asm
                limpa_lcd   0x000164    program     static /home/joao/Dropbox/Eletronica/micros/pic/projetoPedagioPic/ProjetoPedagioPic.X/ProjetoPedagioPic.asm
            msg_bem_vindo   0x0000c7    program     static /home/joao/Dropbox/Eletronica/micros/pic/projetoPedagioPic/ProjetoPedagioPic.X/ProjetoPedagioPic.asm
       msg_cancela_aberta   0x000102    program     static /home/joao/Dropbox/Eletronica/micros/pic/projetoPedagioPic/ProjetoPedagioPic.X/ProjetoPedagioPic.asm
                msg_troco   0x0000f1    program     static /home/joao/Dropbox/Eletronica/micros/pic/projetoPedagioPic/ProjetoPedagioPic.X/ProjetoPedagioPic.asm
                pisca_led   0x000157    program     static /home/joao/Dropbox/Eletronica/micros/pic/projetoPedagioPic/ProjetoPedagioPic.X/ProjetoPedagioPic.asm
           ret_atraso_lcd   0x000176    program     static /home/joao/Dropbox/Eletronica/micros/pic/projetoPedagioPic/ProjetoPedagioPic.X/ProjetoPedagioPic.asm
     ret_atraso_limpa_lcd   0x00017b    program     static /home/joao/Dropbox/Eletronica/micros/pic/projetoPedagioPic/ProjetoPedagioPic.X/ProjetoPedagioPic.asm
             seta_valor10   0x00004b    program     static /home/joao/Dropbox/Eletronica/micros/pic/projetoPedagioPic/ProjetoPedagioPic.X/ProjetoPedagioPic.asm
              seta_valor5   0x000055    program     static /home/joao/Dropbox/Eletronica/micros/pic/projetoPedagioPic/ProjetoPedagioPic.X/ProjetoPedagioPic.asm
              seta_valor7   0x000050    program     static /home/joao/Dropbox/Eletronica/micros/pic/projetoPedagioPic/ProjetoPedagioPic.X/ProjetoPedagioPic.asm
                 testa_ad   0x00002e    program     static /home/joao/Dropbox/Eletronica/micros/pic/projetoPedagioPic/ProjetoPedagioPic.X/ProjetoPedagioPic.asm
                 valor_10   0x0000b2    program     static /home/joao/Dropbox/Eletronica/micros/pic/projetoPedagioPic/ProjetoPedagioPic.X/ProjetoPedagioPic.asm
                  valor_5   0x00008c    program     static /home/joao/Dropbox/Eletronica/micros/pic/projetoPedagioPic/ProjetoPedagioPic.X/ProjetoPedagioPic.asm
                  valor_7   0x00009f    program     static /home/joao/Dropbox/Eletronica/micros/pic/projetoPedagioPic/ProjetoPedagioPic.X/ProjetoPedagioPic.asm
          valor_entrada_2   0x000060    program     static /home/joao/Dropbox/Eletronica/micros/pic/projetoPedagioPic/ProjetoPedagioPic.X/ProjetoPedagioPic.asm
          valor_entrada_5   0x000064    program     static /home/joao/Dropbox/Eletronica/micros/pic/projetoPedagioPic/ProjetoPedagioPic.X/ProjetoPedagioPic.asm
              valor_falta   0x0000e0    program     static /home/joao/Dropbox/Eletronica/micros/pic/projetoPedagioPic/ProjetoPedagioPic.X/ProjetoPedagioPic.asm
             valor_isento   0x000075    program     static /home/joao/Dropbox/Eletronica/micros/pic/projetoPedagioPic/ProjetoPedagioPic.X/ProjetoPedagioPic.asm
verifa_faltou_ou_abrir_cancela   0x000072    program     static /home/joao/Dropbox/Eletronica/micros/pic/projetoPedagioPic/ProjetoPedagioPic.X/ProjetoPedagioPic.asm
   verifica_valor_entrada   0x000068    program     static /home/joao/Dropbox/Eletronica/micros/pic/projetoPedagioPic/ProjetoPedagioPic.X/ProjetoPedagioPic.asm



                              Symbols - Sorted by Address
                     Name    Address   Location    Storage File                     
                ---------  ---------  ---------  --------- ---------                
                   inicio   0x00002a    program     static /home/joao/Dropbox/Eletronica/micros/pic/projetoPedagioPic/ProjetoPedagioPic.X/ProjetoPedagioPic.asm
                 testa_ad   0x00002e    program     static /home/joao/Dropbox/Eletronica/micros/pic/projetoPedagioPic/ProjetoPedagioPic.X/ProjetoPedagioPic.asm
       identifica_veiculo   0x000037    program     static /home/joao/Dropbox/Eletronica/micros/pic/projetoPedagioPic/ProjetoPedagioPic.X/ProjetoPedagioPic.asm
         identifica_truck   0x000040    program     static /home/joao/Dropbox/Eletronica/micros/pic/projetoPedagioPic/ProjetoPedagioPic.X/ProjetoPedagioPic.asm
         identifica_carro   0x000045    program     static /home/joao/Dropbox/Eletronica/micros/pic/projetoPedagioPic/ProjetoPedagioPic.X/ProjetoPedagioPic.asm
          identifica_moto   0x00004a    program     static /home/joao/Dropbox/Eletronica/micros/pic/projetoPedagioPic/ProjetoPedagioPic.X/ProjetoPedagioPic.asm
             seta_valor10   0x00004b    program     static /home/joao/Dropbox/Eletronica/micros/pic/projetoPedagioPic/ProjetoPedagioPic.X/ProjetoPedagioPic.asm
              seta_valor7   0x000050    program     static /home/joao/Dropbox/Eletronica/micros/pic/projetoPedagioPic/ProjetoPedagioPic.X/ProjetoPedagioPic.asm
              seta_valor5   0x000055    program     static /home/joao/Dropbox/Eletronica/micros/pic/projetoPedagioPic/ProjetoPedagioPic.X/ProjetoPedagioPic.asm
        ler_valor_entrada   0x00005a    program     static /home/joao/Dropbox/Eletronica/micros/pic/projetoPedagioPic/ProjetoPedagioPic.X/ProjetoPedagioPic.asm
                   ler_n5   0x00005d    program     static /home/joao/Dropbox/Eletronica/micros/pic/projetoPedagioPic/ProjetoPedagioPic.X/ProjetoPedagioPic.asm
          valor_entrada_2   0x000060    program     static /home/joao/Dropbox/Eletronica/micros/pic/projetoPedagioPic/ProjetoPedagioPic.X/ProjetoPedagioPic.asm
          valor_entrada_5   0x000064    program     static /home/joao/Dropbox/Eletronica/micros/pic/projetoPedagioPic/ProjetoPedagioPic.X/ProjetoPedagioPic.asm
   verifica_valor_entrada   0x000068    program     static /home/joao/Dropbox/Eletronica/micros/pic/projetoPedagioPic/ProjetoPedagioPic.X/ProjetoPedagioPic.asm
verifa_faltou_ou_abrir_cancela   0x000072    program     static /home/joao/Dropbox/Eletronica/micros/pic/projetoPedagioPic/ProjetoPedagioPic.X/ProjetoPedagioPic.asm
             valor_isento   0x000075    program     static /home/joao/Dropbox/Eletronica/micros/pic/projetoPedagioPic/ProjetoPedagioPic.X/ProjetoPedagioPic.asm
                  valor_5   0x00008c    program     static /home/joao/Dropbox/Eletronica/micros/pic/projetoPedagioPic/ProjetoPedagioPic.X/ProjetoPedagioPic.asm
                  valor_7   0x00009f    program     static /home/joao/Dropbox/Eletronica/micros/pic/projetoPedagioPic/ProjetoPedagioPic.X/ProjetoPedagioPic.asm
                 valor_10   0x0000b2    program     static /home/joao/Dropbox/Eletronica/micros/pic/projetoPedagioPic/ProjetoPedagioPic.X/ProjetoPedagioPic.asm
            msg_bem_vindo   0x0000c7    program     static /home/joao/Dropbox/Eletronica/micros/pic/projetoPedagioPic/ProjetoPedagioPic.X/ProjetoPedagioPic.asm
              valor_falta   0x0000e0    program     static /home/joao/Dropbox/Eletronica/micros/pic/projetoPedagioPic/ProjetoPedagioPic.X/ProjetoPedagioPic.asm
                msg_troco   0x0000f1    program     static /home/joao/Dropbox/Eletronica/micros/pic/projetoPedagioPic/ProjetoPedagioPic.X/ProjetoPedagioPic.asm
       msg_cancela_aberta   0x000102    program     static /home/joao/Dropbox/Eletronica/micros/pic/projetoPedagioPic/ProjetoPedagioPic.X/ProjetoPedagioPic.asm
                espera_1s   0x00011f    program     static /home/joao/Dropbox/Eletronica/micros/pic/projetoPedagioPic/ProjetoPedagioPic.X/ProjetoPedagioPic.asm
          aguarda_estouro   0x000123    program     static /home/joao/Dropbox/Eletronica/micros/pic/projetoPedagioPic/ProjetoPedagioPic.X/ProjetoPedagioPic.asm
                espera_2s   0x00012b    program     static /home/joao/Dropbox/Eletronica/micros/pic/projetoPedagioPic/ProjetoPedagioPic.X/ProjetoPedagioPic.asm
       aguarda_estouro_2s   0x00012f    program     static /home/joao/Dropbox/Eletronica/micros/pic/projetoPedagioPic/ProjetoPedagioPic.X/ProjetoPedagioPic.asm
                espera_4s   0x000137    program     static /home/joao/Dropbox/Eletronica/micros/pic/projetoPedagioPic/ProjetoPedagioPic.X/ProjetoPedagioPic.asm
       aguarda_estouro_4s   0x00013b    program     static /home/joao/Dropbox/Eletronica/micros/pic/projetoPedagioPic/ProjetoPedagioPic.X/ProjetoPedagioPic.asm
           devolve_moedas   0x000143    program     static /home/joao/Dropbox/Eletronica/micros/pic/projetoPedagioPic/ProjetoPedagioPic.X/ProjetoPedagioPic.asm
            abrir_cancela   0x00014f    program     static /home/joao/Dropbox/Eletronica/micros/pic/projetoPedagioPic/ProjetoPedagioPic.X/ProjetoPedagioPic.asm
           fechar_cancela   0x000153    program     static /home/joao/Dropbox/Eletronica/micros/pic/projetoPedagioPic/ProjetoPedagioPic.X/ProjetoPedagioPic.asm
                pisca_led   0x000157    program     static /home/joao/Dropbox/Eletronica/micros/pic/projetoPedagioPic/ProjetoPedagioPic.X/ProjetoPedagioPic.asm
               inicia_lcd   0x00015c    program     static /home/joao/Dropbox/Eletronica/micros/pic/projetoPedagioPic/ProjetoPedagioPic.X/ProjetoPedagioPic.asm
                limpa_lcd   0x000164    program     static /home/joao/Dropbox/Eletronica/micros/pic/projetoPedagioPic/ProjetoPedagioPic.X/ProjetoPedagioPic.asm
      escreve_comando_lcd   0x000168    program     static /home/joao/Dropbox/Eletronica/micros/pic/projetoPedagioPic/ProjetoPedagioPic.X/ProjetoPedagioPic.asm
         escreve_dado_lcd   0x00016e    program     static /home/joao/Dropbox/Eletronica/micros/pic/projetoPedagioPic/ProjetoPedagioPic.X/ProjetoPedagioPic.asm
               atraso_lcd   0x000174    program     static /home/joao/Dropbox/Eletronica/micros/pic/projetoPedagioPic/ProjetoPedagioPic.X/ProjetoPedagioPic.asm
           ret_atraso_lcd   0x000176    program     static /home/joao/Dropbox/Eletronica/micros/pic/projetoPedagioPic/ProjetoPedagioPic.X/ProjetoPedagioPic.asm
         atraso_limpa_lcd   0x000179    program     static /home/joao/Dropbox/Eletronica/micros/pic/projetoPedagioPic/ProjetoPedagioPic.X/ProjetoPedagioPic.asm
     ret_atraso_limpa_lcd   0x00017b    program     static /home/joao/Dropbox/Eletronica/micros/pic/projetoPedagioPic/ProjetoPedagioPic.X/ProjetoPedagioPic.asm


